ideas[3]{id,title,status,age,touched}:
  customer-referral, customer referral program,   pending, 24d, 2026-08-09
  shared-vault,      share a vault across a team, pending,  9d, 2026-08-24
  calendar-export,   export the calendar as .ics, pending,  3d, 2026-08-30
attention[1]: customer-referral past its 14d nudge horizon
help[2]:
  - Run `brain-axi review` to triage the stale ones
  - Run `brain-axi update <id> --status building` to start one
