range: 2026-09-02..2026-09-02
events[2]{when,id,title,with,flag}:
  09:00-09:30, standup,               standup,                                  platform-team, recurring
  15:00-16:00, referral-pitch-review, review the São Paulo referral pitch deck, -,             next
tasks[1]{due,id,title,assignee,status,flag}:
  "-", migrate-staging-db, migrate the staging database, platform-team, waiting, unchecked-28d
raise_with[1]{person,id,type,title,waiting}:
  platform-team, ci-capacity, note, ask the Zürich datacentre team about CI capacity, 1d
attention[2]:
  - next: referral-pitch-review at 15:00 02/09
  - migrate-staging-db: delegated to platform-team and not checked for 28d, past its 14d follow-up horizon
help[2]:
  - Run `brain-axi week` for the rest of the week
  - Run `brain-axi show <id>` for one event's body and links
