brain - Wednesday, 2026-09-02

TODAY
  09:00 - 09:30   standup                    platform-team
▸ 15:00 - 16:00   review the São Paulo referral pitch de…

THIS WEEK
  Mo ·  Tu ·  [We] ●●  Th ·  Fr ●●  Sa ●  Su ·
  We  review the São Paulo referral pitch deck
  Fr  Platform team sync   Sa  Design jam

IDEAS PENDING
  ● customer-referral                                  24d
  ○ shared-vault                                        9d
  ○ calendar-export                                     3d

4 open in backlog · 1 idea stale
