BEGIN:VCALENDAR
VERSION:2.0
PRODID:-//brain-axi//secondbrain//EN
CALSCALE:GREGORIAN
METHOD:PUBLISH
X-WR-CALNAME:brain
X-WR-TIMEZONE:Asia/Bangkok
BEGIN:VEVENT
UID:referral-pitch-review@brain-axi
DTSTAMP:20260902T050000Z
DTSTART:20260902T080000Z
DTEND:20260902T090000Z
SUMMARY:review the São Paulo referral pitch deck
DESCRIPTION:Read [[customer-referral]] before the decision.
STATUS:TENTATIVE
END:VEVENT
BEGIN:VEVENT
UID:standup@brain-axi
DTSTAMP:20260902T050000Z
DTSTART:20260902T020000Z
DTEND:20260902T023000Z
SUMMARY:standup
DESCRIPTION:Daily sync with [[platform-team]].
CATEGORIES:platform-team
STATUS:TENTATIVE
RRULE:FREQ=WEEKLY;BYDAY=MO,TU,WE,TH,FR
EXDATE:20260903T020000Z
END:VEVENT
BEGIN:VEVENT
UID:platform-team-sync-20260904@brain-axi
DTSTAMP:20260902T050000Z
DTSTART:20260904T070000Z
DTEND:20260904T080000Z
SUMMARY:Platform team sync
DESCRIPTION:Decide how expired schedules are handled.
CATEGORIES:platform-team
STATUS:TENTATIVE
END:VEVENT
BEGIN:VEVENT
UID:one-on-one-20260905@brain-axi
DTSTAMP:20260902T050000Z
DTSTART:20260905T030000Z
DTEND:20260905T034500Z
SUMMARY:Design jam
DESCRIPTION:Sketch the shared-vault navigation example.
STATUS:TENTATIVE
END:VEVENT
END:VCALENDAR
