╭─ weekly review ────────────────────────────────────── 1 / 2 ─╮
│                                                              │
│  shared-vault                                           62d  │
│  share a vault across a team                                 │
│                                                              │
│  Share a vault with a whole team instead of one person at a  │
│  time.                                                       │
│                                                              │
│  created 2026-07-01 · touched 2026-07-01 · nudge 14d         │
│                                                              │
├──────────────────────────────────────────────────────────────┤
│  k keep   b build   d drop   s defer 30 days   q quit        │
╰──────────────────────────────────────────────────────────────╯
